<html>
<body>
<pre>
<h1>µVision Build Log</h1>
<h2>Project:</h2>
F:\OCECCX\OCEC\MDK-ARM\OCEC.uvprojx
Project File Date:  11/11/2022

<h2>Output:</h2>
Build target 'OCEC'
linking...
Program Size: Code=30832 RO-data=1160 RW-data=300 ZI-data=10764  
FromELF: creating hex file...
"OCEC\OCEC.axf" - 0 Error(s), 0 Warning(s).
</pre>
</body>
</html>
t JLink Project File to "F:\OCECCX\OCEC\MDK-ARM\JLinkSettings.ini"
* JLink Info: Device "STM32F103RE" selected (512 KB flash, 64 KB RAM).
 
JLink info:
------------
DLL: V4.80g, compiled Feb 13 2014 20:50:02
Firmware: J-Link V9 compiled Sep  1 2016 18:29:50
Hardware: V9.40
S/N : 59400616 
Feature(s) : RDI, FlashBP, FlashDL, JFlash, GDB 
 
* JLink Info: Found SWD-DP with ID 0x1BA01477
* JLink Info: Found SWD-DP with ID 0x1BA01477
* JLink Info: Found Cortex-M3 r1p1, Little endian.
* JLink Info: FPUnit: 6 code (BP) slots and 2 literal slots
* JLink Info: TPIU fitted.
* JLink Info: ETM fitted.
ROMTableAddr = 0xE00FF003
 
Target info:
------------
Device: STM32F103RE
VTarget = 3.322V
State of Pins: 
TCK: 0, TDI: 0, TDO: 0, TMS: 1, TRES: 1, TRST: 1
Hardware-Breakpoints: 6
Software-Breakpoints: 8192
Watchpoints:          4
JTAG speed: 1000 kHz
 
Erase Done.
Programming Done.
Verify OK.
Application running ...
